###############################################################################
#
# IAR ELF Linker V7.40.1.8447/W32 for ARM                 13/Apr/2018  00:36:53
# Copyright 2007-2015 IAR Systems AB.
#
#    Output file  =  
#        C:\Users\gyalcin\Downloads\stm32F4\sw\CubeMXProject\test\EWARM\test\Exe\test.out
#    Map file     =  
#        C:\Users\gyalcin\Downloads\stm32F4\sw\CubeMXProject\test\EWARM\test/List\test.map
#    Command line =  
#        C:\Users\gyalcin\Downloads\stm32F4\sw\CubeMXProject\test\EWARM\test\Obj\hal_gpio_driver.o
#        C:\Users\gyalcin\Downloads\stm32F4\sw\CubeMXProject\test\EWARM\test\Obj\main.o
#        C:\Users\gyalcin\Downloads\stm32F4\sw\CubeMXProject\test\EWARM\test\Obj\startup_stm32f407xx.o
#        C:\Users\gyalcin\Downloads\stm32F4\sw\CubeMXProject\test\EWARM\test\Obj\stm32f4xx_hal.o
#        C:\Users\gyalcin\Downloads\stm32F4\sw\CubeMXProject\test\EWARM\test\Obj\stm32f4xx_hal_cortex.o
#        C:\Users\gyalcin\Downloads\stm32F4\sw\CubeMXProject\test\EWARM\test\Obj\stm32f4xx_hal_dma.o
#        C:\Users\gyalcin\Downloads\stm32F4\sw\CubeMXProject\test\EWARM\test\Obj\stm32f4xx_hal_dma_ex.o
#        C:\Users\gyalcin\Downloads\stm32F4\sw\CubeMXProject\test\EWARM\test\Obj\stm32f4xx_hal_flash.o
#        C:\Users\gyalcin\Downloads\stm32F4\sw\CubeMXProject\test\EWARM\test\Obj\stm32f4xx_hal_flash_ex.o
#        C:\Users\gyalcin\Downloads\stm32F4\sw\CubeMXProject\test\EWARM\test\Obj\stm32f4xx_hal_flash_ramfunc.o
#        C:\Users\gyalcin\Downloads\stm32F4\sw\CubeMXProject\test\EWARM\test\Obj\stm32f4xx_hal_gpio.o
#        C:\Users\gyalcin\Downloads\stm32F4\sw\CubeMXProject\test\EWARM\test\Obj\stm32f4xx_hal_msp.o
#        C:\Users\gyalcin\Downloads\stm32F4\sw\CubeMXProject\test\EWARM\test\Obj\stm32f4xx_hal_pwr.o
#        C:\Users\gyalcin\Downloads\stm32F4\sw\CubeMXProject\test\EWARM\test\Obj\stm32f4xx_hal_pwr_ex.o
#        C:\Users\gyalcin\Downloads\stm32F4\sw\CubeMXProject\test\EWARM\test\Obj\stm32f4xx_hal_rcc.o
#        C:\Users\gyalcin\Downloads\stm32F4\sw\CubeMXProject\test\EWARM\test\Obj\stm32f4xx_hal_rcc_ex.o
#        C:\Users\gyalcin\Downloads\stm32F4\sw\CubeMXProject\test\EWARM\test\Obj\stm32f4xx_hal_tim.o
#        C:\Users\gyalcin\Downloads\stm32F4\sw\CubeMXProject\test\EWARM\test\Obj\stm32f4xx_hal_tim_ex.o
#        C:\Users\gyalcin\Downloads\stm32F4\sw\CubeMXProject\test\EWARM\test\Obj\stm32f4xx_it.o
#        C:\Users\gyalcin\Downloads\stm32F4\sw\CubeMXProject\test\EWARM\test\Obj\system_stm32f4xx.o
#        --redirect _Printf=_PrintfFull --redirect _Scanf=_ScanfFull -o
#        C:\Users\gyalcin\Downloads\stm32F4\sw\CubeMXProject\test\EWARM\test\Exe\test.out
#        --map
#        C:\Users\gyalcin\Downloads\stm32F4\sw\CubeMXProject\test\EWARM\test/List\test.map
#        --config
#        C:\Users\gyalcin\Downloads\stm32F4\sw\CubeMXProject\test\EWARM/stm32f407xx_flash.icf
#        --semihosting --entry __iar_program_start --vfe
#
###############################################################################

*******************************************************************************
*** RUNTIME MODEL ATTRIBUTES
***

CppFlavor       = *
__SystemLibrary = DLib


*******************************************************************************
*** PLACEMENT SUMMARY
***

"A1":  place at 0x08000000 { ro section .intvec };
"P1":  place in [from 0x08000000 to 0x080fffff] { ro };
"P2":  place in [from 0x20000000 to 0x2001ffff] { rw, block CSTACK, block HEAP };

  Section            Kind        Address   Size  Object
  -------            ----        -------   ----  ------
"A1":                                     0x188
  .intvec            ro code  0x08000000  0x188  startup_stm32f407xx.o [1]
                            - 0x08000188  0x188

"P1":                                     0xbe0
  .text              ro code  0x08000188  0x410  stm32f4xx_hal_rcc.o [1]
  .text              ro code  0x08000598   0x70  stm32f4xx_hal.o [1]
  .text              ro code  0x08000608   0xee  I64DivMod.o [5]
  .text              ro code  0x080006f8   0xde  stm32f4xx_hal_cortex.o [1]
  .text              ro code  0x080007d6   0x60  stm32f4xx_hal_msp.o [1]
  .text              ro code  0x08000838    0x2  I64DivZer.o [5]
  .text              ro code  0x0800083c  0x1b4  main.o [1]
  .text              ro code  0x080009f0   0xc4  hal_gpio_driver.o [1]
  .text              ro code  0x08000ab4   0x60  system_stm32f4xx.o [1]
  .text              ro code  0x08000b14   0x2c  copy_init3.o [5]
  .text              ro code  0x08000b40   0x28  data_init.o [5]
  .text              ro code  0x08000b68   0x22  fpinit_M.o [4]
  .iar.init_table    const    0x08000b8c   0x14  - Linker created -
  .text              ro code  0x08000ba0   0x1e  stm32f4xx_it.o [1]
  .text              ro code  0x08000bc0   0x1a  cmain.o [5]
  .text              ro code  0x08000bda    0x4  low_level_init.o [3]
  .text              ro code  0x08000bde    0x4  exit.o [3]
  .text              ro code  0x08000be4    0xa  cexit.o [5]
  .text              ro code  0x08000bf0   0x14  exit.o [6]
  .text              ro code  0x08000c04   0x10  startup_stm32f407xx.o [1]
  .text              ro code  0x08000c14    0xc  cstartup_M.o [5]
  .text              ro code  0x08000c20    0x4  startup_stm32f407xx.o [1]
  .text              ro code  0x08000c24    0x4  startup_stm32f407xx.o [1]
  .text              ro code  0x08000c28    0x4  startup_stm32f407xx.o [1]
  .text              ro code  0x08000c2c    0x4  startup_stm32f407xx.o [1]
  .text              ro code  0x08000c30    0x4  startup_stm32f407xx.o [1]
  .text              ro code  0x08000c34    0x4  startup_stm32f407xx.o [1]
  .text              ro code  0x08000c38    0x4  startup_stm32f407xx.o [1]
  .text              ro code  0x08000c3c    0x4  startup_stm32f407xx.o [1]
  .text              ro code  0x08000c40    0x4  startup_stm32f407xx.o [1]
  .text              ro code  0x08000c44    0x4  startup_stm32f407xx.o [1]
  .text              ro code  0x08000c48    0x4  startup_stm32f407xx.o [1]
  .text              ro code  0x08000c4c    0x4  startup_stm32f407xx.o [1]
  .text              ro code  0x08000c50    0x4  startup_stm32f407xx.o [1]
  .text              ro code  0x08000c54    0x4  startup_stm32f407xx.o [1]
  .text              ro code  0x08000c58    0x4  startup_stm32f407xx.o [1]
  .text              ro code  0x08000c5c    0x4  startup_stm32f407xx.o [1]
  .text              ro code  0x08000c60    0x4  startup_stm32f407xx.o [1]
  .text              ro code  0x08000c64    0x4  startup_stm32f407xx.o [1]
  .text              ro code  0x08000c68    0x4  startup_stm32f407xx.o [1]
  .text              ro code  0x08000c6c    0x4  startup_stm32f407xx.o [1]
  .text              ro code  0x08000c70    0x4  startup_stm32f407xx.o [1]
  .text              ro code  0x08000c74    0x4  startup_stm32f407xx.o [1]
  .text              ro code  0x08000c78    0x4  startup_stm32f407xx.o [1]
  .text              ro code  0x08000c7c    0x4  startup_stm32f407xx.o [1]
  .text              ro code  0x08000c80    0x4  startup_stm32f407xx.o [1]
  .text              ro code  0x08000c84    0x4  startup_stm32f407xx.o [1]
  .text              ro code  0x08000c88    0x4  startup_stm32f407xx.o [1]
  .text              ro code  0x08000c8c    0x4  startup_stm32f407xx.o [1]
  .text              ro code  0x08000c90    0x4  startup_stm32f407xx.o [1]
  .text              ro code  0x08000c94    0x4  startup_stm32f407xx.o [1]
  .text              ro code  0x08000c98    0x4  startup_stm32f407xx.o [1]
  .text              ro code  0x08000c9c    0x4  startup_stm32f407xx.o [1]
  .text              ro code  0x08000ca0    0x4  startup_stm32f407xx.o [1]
  .text              ro code  0x08000ca4    0x4  startup_stm32f407xx.o [1]
  .text              ro code  0x08000ca8    0x4  startup_stm32f407xx.o [1]
  .text              ro code  0x08000cac    0x4  startup_stm32f407xx.o [1]
  .text              ro code  0x08000cb0    0x4  startup_stm32f407xx.o [1]
  .text              ro code  0x08000cb4    0x4  startup_stm32f407xx.o [1]
  .text              ro code  0x08000cb8    0x4  startup_stm32f407xx.o [1]
  .text              ro code  0x08000cbc    0x4  startup_stm32f407xx.o [1]
  .text              ro code  0x08000cc0    0x4  startup_stm32f407xx.o [1]
  .text              ro code  0x08000cc4    0x4  startup_stm32f407xx.o [1]
  .text              ro code  0x08000cc8    0x4  startup_stm32f407xx.o [1]
  .text              ro code  0x08000ccc    0x4  startup_stm32f407xx.o [1]
  .text              ro code  0x08000cd0    0x4  startup_stm32f407xx.o [1]
  .text              ro code  0x08000cd4    0x4  startup_stm32f407xx.o [1]
  .text              ro code  0x08000cd8    0x4  startup_stm32f407xx.o [1]
  .text              ro code  0x08000cdc    0x4  startup_stm32f407xx.o [1]
  .text              ro code  0x08000ce0    0x4  startup_stm32f407xx.o [1]
  .text              ro code  0x08000ce4    0x4  startup_stm32f407xx.o [1]
  .text              ro code  0x08000ce8    0x4  startup_stm32f407xx.o [1]
  .text              ro code  0x08000cec    0x4  startup_stm32f407xx.o [1]
  .text              ro code  0x08000cf0    0x4  startup_stm32f407xx.o [1]
  .text              ro code  0x08000cf4    0x4  startup_stm32f407xx.o [1]
  .text              ro code  0x08000cf8    0x4  startup_stm32f407xx.o [1]
  .text              ro code  0x08000cfc    0x4  startup_stm32f407xx.o [1]
  .text              ro code  0x08000d00    0x4  startup_stm32f407xx.o [1]
  .text              ro code  0x08000d04    0x4  startup_stm32f407xx.o [1]
  .text              ro code  0x08000d08    0x4  startup_stm32f407xx.o [1]
  .text              ro code  0x08000d0c    0x4  startup_stm32f407xx.o [1]
  .text              ro code  0x08000d10    0x4  startup_stm32f407xx.o [1]
  .text              ro code  0x08000d14    0x4  startup_stm32f407xx.o [1]
  .text              ro code  0x08000d18    0x4  startup_stm32f407xx.o [1]
  .text              ro code  0x08000d1c    0x4  startup_stm32f407xx.o [1]
  .text              ro code  0x08000d20    0x4  startup_stm32f407xx.o [1]
  .text              ro code  0x08000d24    0x4  startup_stm32f407xx.o [1]
  .text              ro code  0x08000d28    0x4  startup_stm32f407xx.o [1]
  .text              ro code  0x08000d2c    0x4  startup_stm32f407xx.o [1]
  .text              ro code  0x08000d30    0x4  startup_stm32f407xx.o [1]
  .text              ro code  0x08000d34    0x4  startup_stm32f407xx.o [1]
  .text              ro code  0x08000d38    0x4  startup_stm32f407xx.o [1]
  .text              ro code  0x08000d3c    0x4  startup_stm32f407xx.o [1]
  .text              ro code  0x08000d40    0x4  startup_stm32f407xx.o [1]
  .text              ro code  0x08000d44    0x4  startup_stm32f407xx.o [1]
  .text              ro code  0x08000d48    0x4  startup_stm32f407xx.o [1]
  .text              ro code  0x08000d4c    0x4  startup_stm32f407xx.o [1]
  .text              ro code  0x08000d50    0x4  startup_stm32f407xx.o [1]
  .text              ro code  0x08000d54    0x4  startup_stm32f407xx.o [1]
  .text              ro code  0x08000d58    0x4  startup_stm32f407xx.o [1]
  .text              ro code  0x08000d5c    0x4  startup_stm32f407xx.o [1]
  .rodata            const    0x08000d60    0x0  copy_init3.o [5]
  Initializer bytes  const    0x08000d60    0x8  <for P2 s0>
                            - 0x08000d68  0xbe0

"P2":                                     0x408
  P2 s0                       0x20000000    0x8  <Init block>
    .data            inited   0x20000000    0x4  system_stm32f4xx.o [1]
    .bss             inited   0x20000004    0x4  stm32f4xx_hal.o [1]
  CSTACK                      0x20000008  0x400  <Block>
    CSTACK           uninit   0x20000008  0x400  <Block tail>
                            - 0x20000408  0x408


*******************************************************************************
*** INIT TABLE
***

          Address     Size
          -------     ----
Copy (__iar_copy_init3)
    1 source range, total size 0x8:
          0x08000d60   0x8
    1 destination range, total size 0x8:
          0x20000000   0x8



*******************************************************************************
*** MODULE SUMMARY
***

    Module                  ro code  ro data  rw data
    ------                  -------  -------  -------
C:\Users\gyalcin\Downloads\stm32F4\sw\CubeMXProject\test\EWARM\test\Obj: [1]
    hal_gpio_driver.o           196
    main.o                      436
    startup_stm32f407xx.o       728
    stm32f4xx_hal.o             112        4        4
    stm32f4xx_hal_cortex.o      222
    stm32f4xx_hal_msp.o          96
    stm32f4xx_hal_rcc.o       1 040
    stm32f4xx_it.o               30
    system_stm32f4xx.o           96        4        4
    -------------------------------------------------
    Total:                    2 956        8        8

command line: [2]
    -------------------------------------------------
    Total:

dl7M_tlf.a: [3]
    exit.o                        4
    low_level_init.o              4
    -------------------------------------------------
    Total:                        8

m7M_tls.a: [4]
    fpinit_M.o                   34
    -------------------------------------------------
    Total:                       34

rt7M_tl.a: [5]
    I64DivMod.o                 238
    I64DivZer.o                   2
    cexit.o                      10
    cmain.o                      26
    copy_init3.o                 44
    cstartup_M.o                 12
    data_init.o                  40
    -------------------------------------------------
    Total:                      372

shb_l.a: [6]
    exit.o                       20
    -------------------------------------------------
    Total:                       20

    Gaps                         12        2
    Linker created                        20    1 024
-----------------------------------------------------
    Grand Total:              3 402       30    1 032


*******************************************************************************
*** ENTRY LIST
***

Entry                      Address   Size  Type      Object
-----                      -------   ----  ----      ------
.iar.init_table$$Base   0x08000b8c          --   Gb  - Linker created -
.iar.init_table$$Limit  0x08000ba0          --   Gb  - Linker created -
?main                   0x08000bc1         Code  Gb  cmain.o [5]
AHBPrescTable           0x08000b04   0x10  Data  Gb  system_stm32f4xx.o [1]
BusFault_Handler        0x08000ba7    0x2  Code  Gb  stm32f4xx_it.o [1]
CSTACK$$Base            0x20000008          --   Gb  - Linker created -
CSTACK$$Limit           0x20000408          --   Gb  - Linker created -
DebugMon_Handler        0x08000bad    0x2  Code  Gb  stm32f4xx_it.o [1]
EXTI0_IRQHandler        0x080009bb   0x1c  Code  Gb  main.o [1]
HAL_GetTick             0x080005f7    0x6  Code  Wk  stm32f4xx_hal.o [1]
HAL_IncTick             0x080005ed    0xa  Code  Wk  stm32f4xx_hal.o [1]
HAL_Init                0x08000599   0x30  Code  Gb  stm32f4xx_hal.o [1]
HAL_InitTick            0x080005c9   0x24  Code  Wk  stm32f4xx_hal.o [1]
HAL_MspInit             0x080007d7   0x60  Code  Gb  stm32f4xx_hal_msp.o [1]
HAL_NVIC_SetPriority    0x08000737   0x44  Code  Gb  stm32f4xx_hal_cortex.o [1]
HAL_NVIC_SetPriorityGrouping
                        0x0800071d   0x1a  Code  Gb  stm32f4xx_hal_cortex.o [1]
HAL_RCC_ClockConfig     0x08000415   0xfc  Code  Gb  stm32f4xx_hal_rcc.o [1]
HAL_RCC_GetHCLKFreq     0x08000569    0x6  Code  Gb  stm32f4xx_hal_rcc.o [1]
HAL_RCC_GetSysClockFreq
                        0x0800051d   0x4c  Code  Wk  stm32f4xx_hal_rcc.o [1]
HAL_RCC_OscConfig       0x08000189  0x284  Code  Wk  stm32f4xx_hal_rcc.o [1]
HAL_SYSTICK_CLKSourceConfig
                        0x080007a3   0x14  Code  Gb  stm32f4xx_hal_cortex.o [1]
HAL_SYSTICK_Callback    0x080007d5    0x2  Code  Wk  stm32f4xx_hal_cortex.o [1]
HAL_SYSTICK_Config      0x0800077b   0x28  Code  Gb  stm32f4xx_hal_cortex.o [1]
HAL_SYSTICK_IRQHandler  0x080007cd    0x8  Code  Gb  stm32f4xx_hal_cortex.o [1]
HardFault_Handler       0x08000ba3    0x2  Code  Gb  stm32f4xx_it.o [1]
MemManage_Handler       0x08000ba5    0x2  Code  Gb  stm32f4xx_it.o [1]
NMI_Handler             0x08000ba1    0x2  Code  Gb  stm32f4xx_it.o [1]
NVIC_GetPriorityGrouping
                        0x080006f9    0xa  Code  Lc  stm32f4xx_hal_cortex.o [1]
NVIC_SetPriority        0x08000703   0x1a  Code  Lc  stm32f4xx_hal_cortex.o [1]
PendSV_Handler          0x08000baf    0x2  Code  Gb  stm32f4xx_it.o [1]
Region$$Table$$Base     0x08000b8c          --   Gb  - Linker created -
Region$$Table$$Limit    0x08000ba0          --   Gb  - Linker created -
SVC_Handler             0x08000bab    0x2  Code  Gb  stm32f4xx_it.o [1]
SysTick_Handler         0x08000bb1    0xe  Code  Gb  stm32f4xx_it.o [1]
SystemClock_Config      0x0800092d   0x8e  Code  Gb  main.o [1]
SystemCoreClock         0x20000000    0x4  Data  Gb  system_stm32f4xx.o [1]
SystemInit              0x08000ab5   0x3a  Code  Gb  system_stm32f4xx.o [1]
UsageFault_Handler      0x08000ba9    0x2  Code  Gb  stm32f4xx_it.o [1]
__aeabi_ldiv0           0x08000839         Code  Gb  I64DivZer.o [5]
__aeabi_uldivmod        0x08000609         Code  Gb  I64DivMod.o [5]
__cmain                 0x08000bc1         Code  Gb  cmain.o [5]
__exit                  0x08000bf1   0x14  Code  Gb  exit.o [6]
__iar_copy_init3        0x08000b15   0x2c  Code  Gb  copy_init3.o [5]
__iar_data_init3        0x08000b41   0x28  Code  Gb  data_init.o [5]
__iar_init_vfp          0x08000b69         Code  Gb  fpinit_M.o [4]
__iar_program_start     0x08000c15         Code  Gb  cstartup_M.o [5]
__low_level_init        0x08000bdb    0x4  Code  Gb  low_level_init.o [3]
__vector_table          0x08000000         Data  Gb  startup_stm32f407xx.o [1]
_call_main              0x08000bcd         Code  Gb  cmain.o [5]
_exit                   0x08000be5         Code  Gb  cexit.o [5]
_main                   0x08000bd7         Code  Gb  cmain.o [5]
exit                    0x08000bdf    0x4  Code  Gb  exit.o [3]
hal_gpio_clear_interrupt
                        0x08000a8b   0x1a  Code  Gb  hal_gpio_driver.o [1]
hal_gpio_configure_interrupt
                        0x08000a4f   0x1a  Code  Gb  hal_gpio_driver.o [1]
hal_gpio_init           0x08000a13   0x3c  Code  Gb  hal_gpio_driver.o [1]
hal_gpio_pin_enable_interrupt
                        0x08000a69   0x22  Code  Gb  hal_gpio_driver.o [1]
hal_gpio_read_from_pin  0x080009f1    0xc  Code  Gb  hal_gpio_driver.o [1]
hal_gpio_write_to_pin   0x080009fd   0x16  Code  Gb  hal_gpio_driver.o [1]
led_init                0x080008b7   0x42  Code  Gb  main.o [1]
led_toggle              0x0800090f   0x1e  Code  Gb  main.o [1]
led_turn_off            0x08000909    0x6  Code  Gb  main.o [1]
led_turn_on             0x08000903    0x6  Code  Gb  main.o [1]
main                    0x0800083d   0x7a  Code  Gb  main.o [1]
uwTick                  0x20000004    0x4  Data  Gb  stm32f4xx_hal.o [1]


[1] = C:\Users\gyalcin\Downloads\stm32F4\sw\CubeMXProject\test\EWARM\test\Obj
[2] = command line
[3] = dl7M_tlf.a
[4] = m7M_tls.a
[5] = rt7M_tl.a
[6] = shb_l.a

  3 402 bytes of readonly  code memory
     30 bytes of readonly  data memory
  1 032 bytes of readwrite data memory

Errors: none
Warnings: none
