###############################################################################
#
# IAR ELF Linker V7.40.1.8447/W32 for ARM                 23/Apr/2018  09:28:04
# Copyright 2007-2015 IAR Systems AB.
#
#    Output file  =  
#        C:\Users\gyalcin\Downloads\stm32F4\sw\CubeMXProject\test\EWARM\test\Exe\test.out
#    Map file     =  
#        C:\Users\gyalcin\Downloads\stm32F4\sw\CubeMXProject\test\EWARM\test/List\test.map
#    Command line =  
#        C:\Users\gyalcin\Downloads\stm32F4\sw\CubeMXProject\test\EWARM\test\Obj\hal_gpio_driver.o
#        C:\Users\gyalcin\Downloads\stm32F4\sw\CubeMXProject\test\EWARM\test\Obj\main.o
#        C:\Users\gyalcin\Downloads\stm32F4\sw\CubeMXProject\test\EWARM\test\Obj\startup_stm32f407xx.o
#        C:\Users\gyalcin\Downloads\stm32F4\sw\CubeMXProject\test\EWARM\test\Obj\stm32f4xx_hal.o
#        C:\Users\gyalcin\Downloads\stm32F4\sw\CubeMXProject\test\EWARM\test\Obj\stm32f4xx_hal_cortex.o
#        C:\Users\gyalcin\Downloads\stm32F4\sw\CubeMXProject\test\EWARM\test\Obj\stm32f4xx_hal_dma.o
#        C:\Users\gyalcin\Downloads\stm32F4\sw\CubeMXProject\test\EWARM\test\Obj\stm32f4xx_hal_dma_ex.o
#        C:\Users\gyalcin\Downloads\stm32F4\sw\CubeMXProject\test\EWARM\test\Obj\stm32f4xx_hal_flash.o
#        C:\Users\gyalcin\Downloads\stm32F4\sw\CubeMXProject\test\EWARM\test\Obj\stm32f4xx_hal_flash_ex.o
#        C:\Users\gyalcin\Downloads\stm32F4\sw\CubeMXProject\test\EWARM\test\Obj\stm32f4xx_hal_flash_ramfunc.o
#        C:\Users\gyalcin\Downloads\stm32F4\sw\CubeMXProject\test\EWARM\test\Obj\stm32f4xx_hal_gpio.o
#        C:\Users\gyalcin\Downloads\stm32F4\sw\CubeMXProject\test\EWARM\test\Obj\stm32f4xx_hal_msp.o
#        C:\Users\gyalcin\Downloads\stm32F4\sw\CubeMXProject\test\EWARM\test\Obj\stm32f4xx_hal_pwr.o
#        C:\Users\gyalcin\Downloads\stm32F4\sw\CubeMXProject\test\EWARM\test\Obj\stm32f4xx_hal_pwr_ex.o
#        C:\Users\gyalcin\Downloads\stm32F4\sw\CubeMXProject\test\EWARM\test\Obj\stm32f4xx_hal_rcc.o
#        C:\Users\gyalcin\Downloads\stm32F4\sw\CubeMXProject\test\EWARM\test\Obj\stm32f4xx_hal_rcc_ex.o
#        C:\Users\gyalcin\Downloads\stm32F4\sw\CubeMXProject\test\EWARM\test\Obj\stm32f4xx_hal_tim.o
#        C:\Users\gyalcin\Downloads\stm32F4\sw\CubeMXProject\test\EWARM\test\Obj\stm32f4xx_hal_tim_ex.o
#        C:\Users\gyalcin\Downloads\stm32F4\sw\CubeMXProject\test\EWARM\test\Obj\stm32f4xx_it.o
#        C:\Users\gyalcin\Downloads\stm32F4\sw\CubeMXProject\test\EWARM\test\Obj\system_stm32f4xx.o
#        --redirect _Printf=_PrintfFull --redirect _Scanf=_ScanfFull -o
#        C:\Users\gyalcin\Downloads\stm32F4\sw\CubeMXProject\test\EWARM\test\Exe\test.out
#        --map
#        C:\Users\gyalcin\Downloads\stm32F4\sw\CubeMXProject\test\EWARM\test/List\test.map
#        --config
#        C:\Users\gyalcin\Downloads\stm32F4\sw\CubeMXProject\test\EWARM/stm32f407xx_flash.icf
#        --semihosting --entry __iar_program_start --vfe
#
###############################################################################

*******************************************************************************
*** RUNTIME MODEL ATTRIBUTES
***

CppFlavor       = *
__SystemLibrary = DLib


*******************************************************************************
*** PLACEMENT SUMMARY
***

"A1":  place at 0x08000000 { ro section .intvec };
"P1":  place in [from 0x08000000 to 0x080fffff] { ro };
"P2":  place in [from 0x20000000 to 0x2001ffff] { rw, block CSTACK, block HEAP };

  Section            Kind        Address    Size  Object
  -------            ----        -------    ----  ------
"A1":                                      0x188
  .intvec            ro code  0x08000000   0x188  startup_stm32f407xx.o [1]
                            - 0x08000188   0x188

"P1":                                     0x1164
  .text              ro code  0x08000188   0x600  stm32f4xx_hal_rcc.o [1]
  .text              ro code  0x08000788    0x9c  stm32f4xx_hal.o [1]
  .text              ro code  0x08000824    0xee  I64DivMod.o [5]
  .text              ro code  0x08000914   0x142  stm32f4xx_hal_cortex.o [1]
  .text              ro code  0x08000a56    0x5e  stm32f4xx_hal_msp.o [1]
  .text              ro code  0x08000ab4     0x2  I64DivZer.o [5]
  .text              ro code  0x08000ab8   0x430  main.o [1]
  .text              ro code  0x08000ee8    0xd0  hal_gpio_driver.o [1]
  .text              ro code  0x08000fb8    0x14  stm32f4xx_hal_gpio.o [1]
  .text              ro code  0x08000fcc    0x6c  system_stm32f4xx.o [1]
  .rodata            const    0x08001038    0x44  main.o [1]
  .text              ro code  0x0800107c    0x2c  copy_init3.o [5]
  .text              ro code  0x080010a8    0x28  data_init.o [5]
  .text              ro code  0x080010d0    0x22  fpinit_M.o [4]
  .iar.init_table    const    0x080010f4    0x14  - Linker created -
  .text              ro code  0x08001108    0x1c  stm32f4xx_it.o [1]
  .text              ro code  0x08001124    0x1a  cmain.o [5]
  .text              ro code  0x0800113e     0x4  low_level_init.o [3]
  .text              ro code  0x08001142     0x4  exit.o [3]
  .text              ro code  0x08001148     0xa  cexit.o [5]
  .text              ro code  0x08001154    0x14  exit.o [6]
  .rodata            const    0x08001168    0x10  system_stm32f4xx.o [1]
  .text              ro code  0x08001178    0x10  startup_stm32f407xx.o [1]
  .text              ro code  0x08001188     0xc  cstartup_M.o [5]
  .text              ro code  0x08001194     0x4  startup_stm32f407xx.o [1]
  .text              ro code  0x08001198     0x4  startup_stm32f407xx.o [1]
  .text              ro code  0x0800119c     0x4  startup_stm32f407xx.o [1]
  .text              ro code  0x080011a0     0x4  startup_stm32f407xx.o [1]
  .text              ro code  0x080011a4     0x4  startup_stm32f407xx.o [1]
  .text              ro code  0x080011a8     0x4  startup_stm32f407xx.o [1]
  .text              ro code  0x080011ac     0x4  startup_stm32f407xx.o [1]
  .text              ro code  0x080011b0     0x4  startup_stm32f407xx.o [1]
  .text              ro code  0x080011b4     0x4  startup_stm32f407xx.o [1]
  .text              ro code  0x080011b8     0x4  startup_stm32f407xx.o [1]
  .text              ro code  0x080011bc     0x4  startup_stm32f407xx.o [1]
  .text              ro code  0x080011c0     0x4  startup_stm32f407xx.o [1]
  .text              ro code  0x080011c4     0x4  startup_stm32f407xx.o [1]
  .text              ro code  0x080011c8     0x4  startup_stm32f407xx.o [1]
  .text              ro code  0x080011cc     0x4  startup_stm32f407xx.o [1]
  .text              ro code  0x080011d0     0x4  startup_stm32f407xx.o [1]
  .text              ro code  0x080011d4     0x4  startup_stm32f407xx.o [1]
  .text              ro code  0x080011d8     0x4  startup_stm32f407xx.o [1]
  .text              ro code  0x080011dc     0x4  startup_stm32f407xx.o [1]
  .text              ro code  0x080011e0     0x4  startup_stm32f407xx.o [1]
  .text              ro code  0x080011e4     0x4  startup_stm32f407xx.o [1]
  .text              ro code  0x080011e8     0x4  startup_stm32f407xx.o [1]
  .text              ro code  0x080011ec     0x4  startup_stm32f407xx.o [1]
  .text              ro code  0x080011f0     0x4  startup_stm32f407xx.o [1]
  .text              ro code  0x080011f4     0x4  startup_stm32f407xx.o [1]
  .text              ro code  0x080011f8     0x4  startup_stm32f407xx.o [1]
  .text              ro code  0x080011fc     0x4  startup_stm32f407xx.o [1]
  .text              ro code  0x08001200     0x4  startup_stm32f407xx.o [1]
  .text              ro code  0x08001204     0x4  startup_stm32f407xx.o [1]
  .text              ro code  0x08001208     0x4  startup_stm32f407xx.o [1]
  .text              ro code  0x0800120c     0x4  startup_stm32f407xx.o [1]
  .text              ro code  0x08001210     0x4  startup_stm32f407xx.o [1]
  .text              ro code  0x08001214     0x4  startup_stm32f407xx.o [1]
  .text              ro code  0x08001218     0x4  startup_stm32f407xx.o [1]
  .text              ro code  0x0800121c     0x4  startup_stm32f407xx.o [1]
  .text              ro code  0x08001220     0x4  startup_stm32f407xx.o [1]
  .text              ro code  0x08001224     0x4  startup_stm32f407xx.o [1]
  .text              ro code  0x08001228     0x4  startup_stm32f407xx.o [1]
  .text              ro code  0x0800122c     0x4  startup_stm32f407xx.o [1]
  .text              ro code  0x08001230     0x4  startup_stm32f407xx.o [1]
  .text              ro code  0x08001234     0x4  startup_stm32f407xx.o [1]
  .text              ro code  0x08001238     0x4  startup_stm32f407xx.o [1]
  .text              ro code  0x0800123c     0x4  startup_stm32f407xx.o [1]
  .text              ro code  0x08001240     0x4  startup_stm32f407xx.o [1]
  .text              ro code  0x08001244     0x4  startup_stm32f407xx.o [1]
  .text              ro code  0x08001248     0x4  startup_stm32f407xx.o [1]
  .text              ro code  0x0800124c     0x4  startup_stm32f407xx.o [1]
  .text              ro code  0x08001250     0x4  startup_stm32f407xx.o [1]
  .text              ro code  0x08001254     0x4  startup_stm32f407xx.o [1]
  .text              ro code  0x08001258     0x4  startup_stm32f407xx.o [1]
  .text              ro code  0x0800125c     0x4  startup_stm32f407xx.o [1]
  .text              ro code  0x08001260     0x4  startup_stm32f407xx.o [1]
  .text              ro code  0x08001264     0x4  startup_stm32f407xx.o [1]
  .text              ro code  0x08001268     0x4  startup_stm32f407xx.o [1]
  .text              ro code  0x0800126c     0x4  startup_stm32f407xx.o [1]
  .text              ro code  0x08001270     0x4  startup_stm32f407xx.o [1]
  .text              ro code  0x08001274     0x4  startup_stm32f407xx.o [1]
  .text              ro code  0x08001278     0x4  startup_stm32f407xx.o [1]
  .text              ro code  0x0800127c     0x4  startup_stm32f407xx.o [1]
  .text              ro code  0x08001280     0x4  startup_stm32f407xx.o [1]
  .text              ro code  0x08001284     0x4  startup_stm32f407xx.o [1]
  .text              ro code  0x08001288     0x4  startup_stm32f407xx.o [1]
  .text              ro code  0x0800128c     0x4  startup_stm32f407xx.o [1]
  .text              ro code  0x08001290     0x4  startup_stm32f407xx.o [1]
  .text              ro code  0x08001294     0x4  startup_stm32f407xx.o [1]
  .text              ro code  0x08001298     0x4  startup_stm32f407xx.o [1]
  .text              ro code  0x0800129c     0x4  startup_stm32f407xx.o [1]
  .text              ro code  0x080012a0     0x4  startup_stm32f407xx.o [1]
  .text              ro code  0x080012a4     0x4  startup_stm32f407xx.o [1]
  .text              ro code  0x080012a8     0x4  startup_stm32f407xx.o [1]
  .text              ro code  0x080012ac     0x4  startup_stm32f407xx.o [1]
  .text              ro code  0x080012b0     0x4  startup_stm32f407xx.o [1]
  .text              ro code  0x080012b4     0x4  startup_stm32f407xx.o [1]
  .text              ro code  0x080012b8     0x4  startup_stm32f407xx.o [1]
  .text              ro code  0x080012bc     0x4  startup_stm32f407xx.o [1]
  .text              ro code  0x080012c0     0x4  startup_stm32f407xx.o [1]
  .text              ro code  0x080012c4     0x4  startup_stm32f407xx.o [1]
  .text              ro code  0x080012c8     0x4  startup_stm32f407xx.o [1]
  .rodata            const    0x080012cc     0x0  copy_init3.o [5]
  Initializer bytes  const    0x080012cc    0x20  <for P2 s0>
                            - 0x080012ec  0x1164

"P2":                                      0x420
  P2 s0                       0x20000000    0x20  <Init block>
    .data            inited   0x20000000    0x18  main.o [1]
    .data            inited   0x20000018     0x4  system_stm32f4xx.o [1]
    .bss             inited   0x2000001c     0x4  stm32f4xx_hal.o [1]
  CSTACK                      0x20000020   0x400  <Block>
    CSTACK           uninit   0x20000020   0x400  <Block tail>
                            - 0x20000420   0x420


*******************************************************************************
*** INIT TABLE
***

          Address     Size
          -------     ----
Copy (__iar_copy_init3)
    1 source range, total size 0x20:
          0x080012cc  0x20
    1 destination range, total size 0x20:
          0x20000000  0x20



*******************************************************************************
*** MODULE SUMMARY
***

    Module                  ro code  ro data  rw data
    ------                  -------  -------  -------
C:\Users\gyalcin\Downloads\stm32F4\sw\CubeMXProject\test\EWARM\test\Obj: [1]
    hal_gpio_driver.o           208
    main.o                    1 072       92       24
    startup_stm32f407xx.o       720
    stm32f4xx_hal.o             156        4        4
    stm32f4xx_hal_cortex.o      322
    stm32f4xx_hal_gpio.o         20
    stm32f4xx_hal_msp.o          94
    stm32f4xx_hal_rcc.o       1 536
    stm32f4xx_it.o               28
    system_stm32f4xx.o          108       20        4
    -------------------------------------------------
    Total:                    4 264      116       32

command line: [2]
    -------------------------------------------------
    Total:

dl7M_tlf.a: [3]
    exit.o                        4
    low_level_init.o              4
    -------------------------------------------------
    Total:                        8

m7M_tls.a: [4]
    fpinit_M.o                   34
    -------------------------------------------------
    Total:                       34

rt7M_tl.a: [5]
    I64DivMod.o                 238
    I64DivZer.o                   2
    cexit.o                      10
    cmain.o                      26
    copy_init3.o                 44
    cstartup_M.o                 12
    data_init.o                  40
    -------------------------------------------------
    Total:                      372

shb_l.a: [6]
    exit.o                       20
    -------------------------------------------------
    Total:                       20

    Gaps                          8        2
    Linker created                        20    1 024
-----------------------------------------------------
    Grand Total:              4 706      138    1 056


*******************************************************************************
*** ENTRY LIST
***

Entry                      Address   Size  Type      Object
-----                      -------   ----  ----      ------
.iar.init_table$$Base   0x080010f4          --   Gb  - Linker created -
.iar.init_table$$Limit  0x08001108          --   Gb  - Linker created -
?main                   0x08001125         Code  Gb  cmain.o [5]
AHBPrescTable           0x08001168   0x10  Data  Gb  system_stm32f4xx.o [1]
BusFault_Handler        0x0800110f    0x2  Code  Gb  stm32f4xx_it.o [1]
CSTACK$$Base            0x20000020          --   Gb  - Linker created -
CSTACK$$Limit           0x20000420          --   Gb  - Linker created -
DebugMon_Handler        0x08001115    0x2  Code  Gb  stm32f4xx_it.o [1]
EXTI0_IRQHandler        0x08000edd    0xa  Code  Gb  main.o [1]
EXTI1_IRQHandler        0x08000ed3    0xa  Code  Gb  main.o [1]
EXTI9_5_IRQHandler      0x08000ec9    0xa  Code  Gb  main.o [1]
HAL_Delay               0x080007f9   0x1e  Code  Wk  stm32f4xx_hal.o [1]
HAL_GPIO_WritePin       0x08000fb9   0x14  Code  Gb  stm32f4xx_hal_gpio.o [1]
HAL_GetTick             0x080007f3    0x6  Code  Wk  stm32f4xx_hal.o [1]
HAL_IncTick             0x080007e7    0xc  Code  Wk  stm32f4xx_hal.o [1]
HAL_Init                0x08000789   0x3a  Code  Gb  stm32f4xx_hal.o [1]
HAL_InitTick            0x080007c3   0x24  Code  Wk  stm32f4xx_hal.o [1]
HAL_MspInit             0x08000a57   0x5e  Code  Gb  stm32f4xx_hal_msp.o [1]
HAL_NVIC_SetPriority    0x080009dd   0x26  Code  Gb  stm32f4xx_hal_cortex.o [1]
HAL_NVIC_SetPriorityGrouping
                        0x080009d1    0xc  Code  Gb  stm32f4xx_hal_cortex.o [1]
HAL_RCC_ClockConfig     0x0800054b  0x16c  Code  Gb  stm32f4xx_hal_rcc.o [1]
HAL_RCC_GetHCLKFreq     0x08000745    0x6  Code  Gb  stm32f4xx_hal_rcc.o [1]
HAL_RCC_GetSysClockFreq
                        0x080006b7   0x8e  Code  Wk  stm32f4xx_hal_rcc.o [1]
HAL_RCC_OscConfig       0x08000189  0x3c2  Code  Wk  stm32f4xx_hal_rcc.o [1]
HAL_SYSTICK_CLKSourceConfig
                        0x08000a0f   0x20  Code  Gb  stm32f4xx_hal_cortex.o [1]
HAL_SYSTICK_Callback    0x08000a55    0x2  Code  Wk  stm32f4xx_hal_cortex.o [1]
HAL_SYSTICK_Config      0x08000a03    0xc  Code  Gb  stm32f4xx_hal_cortex.o [1]
HAL_SYSTICK_IRQHandler  0x08000a4d    0x8  Code  Gb  stm32f4xx_hal_cortex.o [1]
HardFault_Handler       0x0800110b    0x2  Code  Gb  stm32f4xx_it.o [1]
MemManage_Handler       0x0800110d    0x2  Code  Gb  stm32f4xx_it.o [1]
NMI_Handler             0x08001109    0x2  Code  Gb  stm32f4xx_it.o [1]
NVIC_EnableIRQ          0x08000ac5   0x16  Code  Lc  main.o [1]
NVIC_EncodePriority     0x08000b05   0x3e  Code  Lc  main.o [1]
NVIC_EncodePriority     0x08000963   0x3e  Code  Lc  stm32f4xx_hal_cortex.o [1]
NVIC_GetPriorityGrouping
                        0x08000ab9    0xc  Code  Lc  main.o [1]
NVIC_GetPriorityGrouping
                        0x08000933    0xa  Code  Lc  stm32f4xx_hal_cortex.o [1]
NVIC_SetPriority        0x08000adb   0x2a  Code  Lc  main.o [1]
NVIC_SetPriority        0x0800093d   0x26  Code  Lc  stm32f4xx_hal_cortex.o [1]
NVIC_SetPriorityGrouping
                        0x08000915   0x1e  Code  Lc  stm32f4xx_hal_cortex.o [1]
PendSV_Handler          0x08001117    0x2  Code  Gb  stm32f4xx_it.o [1]
Region$$Table$$Base     0x080010f4          --   Gb  - Linker created -
Region$$Table$$Limit    0x08001108          --   Gb  - Linker created -
SVC_Handler             0x08001113    0x2  Code  Gb  stm32f4xx_it.o [1]
SysTick_Config          0x080009a1   0x30  Code  Lc  stm32f4xx_hal_cortex.o [1]
SysTick_Handler         0x08001119    0xc  Code  Gb  stm32f4xx_it.o [1]
SystemClock_Config      0x08000dc7   0xb0  Code  Gb  main.o [1]
SystemCoreClock         0x20000018    0x4  Data  Gb  system_stm32f4xx.o [1]
SystemInit              0x08000fcd   0x4c  Code  Gb  system_stm32f4xx.o [1]
UsageFault_Handler      0x08001111    0x2  Code  Gb  stm32f4xx_it.o [1]
_Error_Handler          0x08000ee7    0x2  Code  Gb  main.o [1]
__aeabi_ldiv0           0x08000ab5         Code  Gb  I64DivZer.o [5]
__aeabi_uldivmod        0x08000825         Code  Gb  I64DivMod.o [5]
__cmain                 0x08001125         Code  Gb  cmain.o [5]
__exit                  0x08001155   0x14  Code  Gb  exit.o [6]
__iar_copy_init3        0x0800107d   0x2c  Code  Gb  copy_init3.o [5]
__iar_data_init3        0x080010a9   0x28  Code  Gb  data_init.o [5]
__iar_init_vfp          0x080010d1         Code  Gb  fpinit_M.o [4]
__iar_program_start     0x08001189         Code  Gb  cstartup_M.o [5]
__low_level_init        0x0800113f    0x4  Code  Gb  low_level_init.o [3]
__vector_table          0x08000000         Data  Gb  startup_stm32f407xx.o [1]
_call_main              0x08001131         Code  Gb  cmain.o [5]
_exit                   0x08001149         Code  Gb  cexit.o [5]
_main                   0x0800113b         Code  Gb  cmain.o [5]
clearPortF              0x08000b43   0x3a  Code  Lc  main.o [1]
exit                    0x08001143    0x4  Code  Gb  exit.o [3]
hal_gpio_clear_interrupt
                        0x08000f95   0x1c  Code  Gb  hal_gpio_driver.o [1]
hal_gpio_configure_pin_mode
                        0x08000ee9   0x16  Code  Lc  hal_gpio_driver.o [1]
hal_gpio_configure_pin_otype
                        0x08000eff   0x10  Code  Lc  hal_gpio_driver.o [1]
hal_gpio_configure_pin_pupd
                        0x08000f25   0x16  Code  Lc  hal_gpio_driver.o [1]
hal_gpio_configure_pin_speed
                        0x08000f0f   0x16  Code  Lc  hal_gpio_driver.o [1]
hal_gpio_init           0x08000f5d   0x38  Code  Gb  hal_gpio_driver.o [1]
hal_gpio_write_to_pin   0x08000f3b   0x22  Code  Gb  hal_gpio_driver.o [1]
keypad_init             0x08000c71   0x90  Code  Gb  main.o [1]
keytable                0x20000000   0x18  Data  Gb  main.o [1]
led_init                0x08000d01   0x9e  Code  Gb  main.o [1]
led_turn_off            0x08000db3   0x14  Code  Gb  main.o [1]
led_turn_on             0x08000d9f   0x14  Code  Gb  main.o [1]
main                    0x08000b7d   0xf4  Code  Gb  main.o [1]
uwTick                  0x2000001c    0x4  Data  Gb  stm32f4xx_hal.o [1]


[1] = C:\Users\gyalcin\Downloads\stm32F4\sw\CubeMXProject\test\EWARM\test\Obj
[2] = command line
[3] = dl7M_tlf.a
[4] = m7M_tls.a
[5] = rt7M_tl.a
[6] = shb_l.a

  4 706 bytes of readonly  code memory
    138 bytes of readonly  data memory
  1 056 bytes of readwrite data memory

Errors: none
Warnings: none
