###############################################################################
#
# IAR ELF Linker V7.40.1.8447/W32 for ARM                 24/Apr/2018  12:26:41
# Copyright 2007-2015 IAR Systems AB.
#
#    Output file  =  
#        C:\Users\gyalcin\Downloads\stm32F4\sw\CubeMXProject\test\EWARM\test\Exe\test.out
#    Map file     =  
#        C:\Users\gyalcin\Downloads\stm32F4\sw\CubeMXProject\test\EWARM\test/List\test.map
#    Command line =  
#        C:\Users\gyalcin\Downloads\stm32F4\sw\CubeMXProject\test\EWARM\test\Obj\hal_gpio_driver.o
#        C:\Users\gyalcin\Downloads\stm32F4\sw\CubeMXProject\test\EWARM\test\Obj\main.o
#        C:\Users\gyalcin\Downloads\stm32F4\sw\CubeMXProject\test\EWARM\test\Obj\startup_stm32f407xx.o
#        C:\Users\gyalcin\Downloads\stm32F4\sw\CubeMXProject\test\EWARM\test\Obj\stm32f4xx_hal.o
#        C:\Users\gyalcin\Downloads\stm32F4\sw\CubeMXProject\test\EWARM\test\Obj\stm32f4xx_hal_cortex.o
#        C:\Users\gyalcin\Downloads\stm32F4\sw\CubeMXProject\test\EWARM\test\Obj\stm32f4xx_hal_dma.o
#        C:\Users\gyalcin\Downloads\stm32F4\sw\CubeMXProject\test\EWARM\test\Obj\stm32f4xx_hal_dma_ex.o
#        C:\Users\gyalcin\Downloads\stm32F4\sw\CubeMXProject\test\EWARM\test\Obj\stm32f4xx_hal_flash.o
#        C:\Users\gyalcin\Downloads\stm32F4\sw\CubeMXProject\test\EWARM\test\Obj\stm32f4xx_hal_flash_ex.o
#        C:\Users\gyalcin\Downloads\stm32F4\sw\CubeMXProject\test\EWARM\test\Obj\stm32f4xx_hal_flash_ramfunc.o
#        C:\Users\gyalcin\Downloads\stm32F4\sw\CubeMXProject\test\EWARM\test\Obj\stm32f4xx_hal_gpio.o
#        C:\Users\gyalcin\Downloads\stm32F4\sw\CubeMXProject\test\EWARM\test\Obj\stm32f4xx_hal_msp.o
#        C:\Users\gyalcin\Downloads\stm32F4\sw\CubeMXProject\test\EWARM\test\Obj\stm32f4xx_hal_pwr.o
#        C:\Users\gyalcin\Downloads\stm32F4\sw\CubeMXProject\test\EWARM\test\Obj\stm32f4xx_hal_pwr_ex.o
#        C:\Users\gyalcin\Downloads\stm32F4\sw\CubeMXProject\test\EWARM\test\Obj\stm32f4xx_hal_rcc.o
#        C:\Users\gyalcin\Downloads\stm32F4\sw\CubeMXProject\test\EWARM\test\Obj\stm32f4xx_hal_rcc_ex.o
#        C:\Users\gyalcin\Downloads\stm32F4\sw\CubeMXProject\test\EWARM\test\Obj\stm32f4xx_hal_tim.o
#        C:\Users\gyalcin\Downloads\stm32F4\sw\CubeMXProject\test\EWARM\test\Obj\stm32f4xx_hal_tim_ex.o
#        C:\Users\gyalcin\Downloads\stm32F4\sw\CubeMXProject\test\EWARM\test\Obj\stm32f4xx_it.o
#        C:\Users\gyalcin\Downloads\stm32F4\sw\CubeMXProject\test\EWARM\test\Obj\system_stm32f4xx.o
#        --redirect _Printf=_PrintfFull --redirect _Scanf=_ScanfFull -o
#        C:\Users\gyalcin\Downloads\stm32F4\sw\CubeMXProject\test\EWARM\test\Exe\test.out
#        --map
#        C:\Users\gyalcin\Downloads\stm32F4\sw\CubeMXProject\test\EWARM\test/List\test.map
#        --config
#        C:\Users\gyalcin\Downloads\stm32F4\sw\CubeMXProject\test\EWARM/stm32f407xx_flash.icf
#        --semihosting --entry __iar_program_start --vfe
#
###############################################################################

*******************************************************************************
*** RUNTIME MODEL ATTRIBUTES
***

CppFlavor       = *
__SystemLibrary = DLib


*******************************************************************************
*** PLACEMENT SUMMARY
***

"A1":  place at 0x08000000 { ro section .intvec };
"P1":  place in [from 0x08000000 to 0x080fffff] { ro };
"P2":  place in [from 0x20000000 to 0x2001ffff] { rw, block CSTACK, block HEAP };

  Section            Kind        Address    Size  Object
  -------            ----        -------    ----  ------
"A1":                                      0x188
  .intvec            ro code  0x08000000   0x188  startup_stm32f407xx.o [1]
                            - 0x08000188   0x188

"P1":                                     0x11f0
  .text              ro code  0x08000188   0x600  stm32f4xx_hal_rcc.o [1]
  .text              ro code  0x08000788    0x9c  stm32f4xx_hal.o [1]
  .text              ro code  0x08000824    0xee  I64DivMod.o [5]
  .text              ro code  0x08000914   0x142  stm32f4xx_hal_cortex.o [1]
  .text              ro code  0x08000a56    0x5e  stm32f4xx_hal_msp.o [1]
  .text              ro code  0x08000ab4     0x2  I64DivZer.o [5]
  .text              ro code  0x08000ab8   0x4b6  main.o [1]
  .text              ro code  0x08000f70    0xd0  hal_gpio_driver.o [1]
  .text              ro code  0x08001040    0x14  stm32f4xx_hal_gpio.o [1]
  .text              ro code  0x08001054    0x6c  system_stm32f4xx.o [1]
  .rodata            const    0x080010c0    0x44  main.o [1]
  .text              ro code  0x08001104    0x2c  copy_init3.o [5]
  .text              ro code  0x08001130    0x28  data_init.o [5]
  .text              ro code  0x08001158    0x22  fpinit_M.o [4]
  .iar.init_table    const    0x0800117c    0x14  - Linker created -
  .text              ro code  0x08001190    0x1c  stm32f4xx_it.o [1]
  .text              ro code  0x080011ac    0x1a  cmain.o [5]
  .text              ro code  0x080011c6     0x4  low_level_init.o [3]
  .text              ro code  0x080011ca     0x4  exit.o [3]
  .text              ro code  0x080011d0     0xa  cexit.o [5]
  .text              ro code  0x080011dc    0x14  exit.o [6]
  .rodata            const    0x080011f0    0x10  system_stm32f4xx.o [1]
  .text              ro code  0x08001200    0x10  startup_stm32f407xx.o [1]
  .text              ro code  0x08001210     0xc  cstartup_M.o [5]
  .text              ro code  0x0800121c     0x4  startup_stm32f407xx.o [1]
  .text              ro code  0x08001220     0x4  startup_stm32f407xx.o [1]
  .text              ro code  0x08001224     0x4  startup_stm32f407xx.o [1]
  .text              ro code  0x08001228     0x4  startup_stm32f407xx.o [1]
  .text              ro code  0x0800122c     0x4  startup_stm32f407xx.o [1]
  .text              ro code  0x08001230     0x4  startup_stm32f407xx.o [1]
  .text              ro code  0x08001234     0x4  startup_stm32f407xx.o [1]
  .text              ro code  0x08001238     0x4  startup_stm32f407xx.o [1]
  .text              ro code  0x0800123c     0x4  startup_stm32f407xx.o [1]
  .text              ro code  0x08001240     0x4  startup_stm32f407xx.o [1]
  .text              ro code  0x08001244     0x4  startup_stm32f407xx.o [1]
  .text              ro code  0x08001248     0x4  startup_stm32f407xx.o [1]
  .text              ro code  0x0800124c     0x4  startup_stm32f407xx.o [1]
  .text              ro code  0x08001250     0x4  startup_stm32f407xx.o [1]
  .text              ro code  0x08001254     0x4  startup_stm32f407xx.o [1]
  .text              ro code  0x08001258     0x4  startup_stm32f407xx.o [1]
  .text              ro code  0x0800125c     0x4  startup_stm32f407xx.o [1]
  .text              ro code  0x08001260     0x4  startup_stm32f407xx.o [1]
  .text              ro code  0x08001264     0x4  startup_stm32f407xx.o [1]
  .text              ro code  0x08001268     0x4  startup_stm32f407xx.o [1]
  .text              ro code  0x0800126c     0x4  startup_stm32f407xx.o [1]
  .text              ro code  0x08001270     0x4  startup_stm32f407xx.o [1]
  .text              ro code  0x08001274     0x4  startup_stm32f407xx.o [1]
  .text              ro code  0x08001278     0x4  startup_stm32f407xx.o [1]
  .text              ro code  0x0800127c     0x4  startup_stm32f407xx.o [1]
  .text              ro code  0x08001280     0x4  startup_stm32f407xx.o [1]
  .text              ro code  0x08001284     0x4  startup_stm32f407xx.o [1]
  .text              ro code  0x08001288     0x4  startup_stm32f407xx.o [1]
  .text              ro code  0x0800128c     0x4  startup_stm32f407xx.o [1]
  .text              ro code  0x08001290     0x4  startup_stm32f407xx.o [1]
  .text              ro code  0x08001294     0x4  startup_stm32f407xx.o [1]
  .text              ro code  0x08001298     0x4  startup_stm32f407xx.o [1]
  .text              ro code  0x0800129c     0x4  startup_stm32f407xx.o [1]
  .text              ro code  0x080012a0     0x4  startup_stm32f407xx.o [1]
  .text              ro code  0x080012a4     0x4  startup_stm32f407xx.o [1]
  .text              ro code  0x080012a8     0x4  startup_stm32f407xx.o [1]
  .text              ro code  0x080012ac     0x4  startup_stm32f407xx.o [1]
  .text              ro code  0x080012b0     0x4  startup_stm32f407xx.o [1]
  .text              ro code  0x080012b4     0x4  startup_stm32f407xx.o [1]
  .text              ro code  0x080012b8     0x4  startup_stm32f407xx.o [1]
  .text              ro code  0x080012bc     0x4  startup_stm32f407xx.o [1]
  .text              ro code  0x080012c0     0x4  startup_stm32f407xx.o [1]
  .text              ro code  0x080012c4     0x4  startup_stm32f407xx.o [1]
  .text              ro code  0x080012c8     0x4  startup_stm32f407xx.o [1]
  .text              ro code  0x080012cc     0x4  startup_stm32f407xx.o [1]
  .text              ro code  0x080012d0     0x4  startup_stm32f407xx.o [1]
  .text              ro code  0x080012d4     0x4  startup_stm32f407xx.o [1]
  .text              ro code  0x080012d8     0x4  startup_stm32f407xx.o [1]
  .text              ro code  0x080012dc     0x4  startup_stm32f407xx.o [1]
  .text              ro code  0x080012e0     0x4  startup_stm32f407xx.o [1]
  .text              ro code  0x080012e4     0x4  startup_stm32f407xx.o [1]
  .text              ro code  0x080012e8     0x4  startup_stm32f407xx.o [1]
  .text              ro code  0x080012ec     0x4  startup_stm32f407xx.o [1]
  .text              ro code  0x080012f0     0x4  startup_stm32f407xx.o [1]
  .text              ro code  0x080012f4     0x4  startup_stm32f407xx.o [1]
  .text              ro code  0x080012f8     0x4  startup_stm32f407xx.o [1]
  .text              ro code  0x080012fc     0x4  startup_stm32f407xx.o [1]
  .text              ro code  0x08001300     0x4  startup_stm32f407xx.o [1]
  .text              ro code  0x08001304     0x4  startup_stm32f407xx.o [1]
  .text              ro code  0x08001308     0x4  startup_stm32f407xx.o [1]
  .text              ro code  0x0800130c     0x4  startup_stm32f407xx.o [1]
  .text              ro code  0x08001310     0x4  startup_stm32f407xx.o [1]
  .text              ro code  0x08001314     0x4  startup_stm32f407xx.o [1]
  .text              ro code  0x08001318     0x4  startup_stm32f407xx.o [1]
  .text              ro code  0x0800131c     0x4  startup_stm32f407xx.o [1]
  .text              ro code  0x08001320     0x4  startup_stm32f407xx.o [1]
  .text              ro code  0x08001324     0x4  startup_stm32f407xx.o [1]
  .text              ro code  0x08001328     0x4  startup_stm32f407xx.o [1]
  .text              ro code  0x0800132c     0x4  startup_stm32f407xx.o [1]
  .text              ro code  0x08001330     0x4  startup_stm32f407xx.o [1]
  .text              ro code  0x08001334     0x4  startup_stm32f407xx.o [1]
  .text              ro code  0x08001338     0x4  startup_stm32f407xx.o [1]
  .text              ro code  0x0800133c     0x4  startup_stm32f407xx.o [1]
  .text              ro code  0x08001340     0x4  startup_stm32f407xx.o [1]
  .text              ro code  0x08001344     0x4  startup_stm32f407xx.o [1]
  .text              ro code  0x08001348     0x4  startup_stm32f407xx.o [1]
  .text              ro code  0x0800134c     0x4  startup_stm32f407xx.o [1]
  .text              ro code  0x08001350     0x4  startup_stm32f407xx.o [1]
  .rodata            const    0x08001354     0x0  copy_init3.o [5]
  Initializer bytes  const    0x08001354    0x24  <for P2 s0>
                            - 0x08001378  0x11f0

"P2":                                      0x428
  P2 s0                       0x20000000    0x24  <Init block>
    .data            inited   0x20000000    0x18  main.o [1]
    .data            inited   0x20000018     0x4  system_stm32f4xx.o [1]
    .bss             inited   0x2000001c     0x4  stm32f4xx_hal.o [1]
    .bss             inited   0x20000020     0x2  main.o [1]
  CSTACK                      0x20000028   0x400  <Block>
    CSTACK           uninit   0x20000028   0x400  <Block tail>
                            - 0x20000428   0x428


*******************************************************************************
*** INIT TABLE
***

          Address     Size
          -------     ----
Copy (__iar_copy_init3)
    1 source range, total size 0x24 (105% of destination):
          0x08001354  0x24
    1 destination range, total size 0x22:
          0x20000000  0x22



*******************************************************************************
*** MODULE SUMMARY
***

    Module                  ro code  ro data  rw data
    ------                  -------  -------  -------
C:\Users\gyalcin\Downloads\stm32F4\sw\CubeMXProject\test\EWARM\test\Obj: [1]
    hal_gpio_driver.o           208
    main.o                    1 206       94       26
    startup_stm32f407xx.o       720
    stm32f4xx_hal.o             156        4        4
    stm32f4xx_hal_cortex.o      322
    stm32f4xx_hal_gpio.o         20
    stm32f4xx_hal_msp.o          94
    stm32f4xx_hal_rcc.o       1 536
    stm32f4xx_it.o               28
    system_stm32f4xx.o          108       20        4
    -------------------------------------------------
    Total:                    4 398      118       34

command line: [2]
    -------------------------------------------------
    Total:

dl7M_tlf.a: [3]
    exit.o                        4
    low_level_init.o              4
    -------------------------------------------------
    Total:                        8

m7M_tls.a: [4]
    fpinit_M.o                   34
    -------------------------------------------------
    Total:                       34

rt7M_tl.a: [5]
    I64DivMod.o                 238
    I64DivZer.o                   2
    cexit.o                      10
    cmain.o                      26
    copy_init3.o                 44
    cstartup_M.o                 12
    data_init.o                  40
    -------------------------------------------------
    Total:                      372

shb_l.a: [6]
    exit.o                       20
    -------------------------------------------------
    Total:                       20

    Gaps                         10        2
    Linker created                        22    1 024
-----------------------------------------------------
    Grand Total:              4 842      142    1 058


*******************************************************************************
*** ENTRY LIST
***

Entry                      Address   Size  Type      Object
-----                      -------   ----  ----      ------
.iar.init_table$$Base   0x0800117c          --   Gb  - Linker created -
.iar.init_table$$Limit  0x08001190          --   Gb  - Linker created -
?main                   0x080011ad         Code  Gb  cmain.o [5]
AHBPrescTable           0x080011f0   0x10  Data  Gb  system_stm32f4xx.o [1]
BusFault_Handler        0x08001197    0x2  Code  Gb  stm32f4xx_it.o [1]
CSTACK$$Base            0x20000028          --   Gb  - Linker created -
CSTACK$$Limit           0x20000428          --   Gb  - Linker created -
DebugMon_Handler        0x0800119d    0x2  Code  Gb  stm32f4xx_it.o [1]
EXTI0_IRQHandler        0x08000f63    0xa  Code  Gb  main.o [1]
EXTI1_IRQHandler        0x08000f59    0xa  Code  Gb  main.o [1]
EXTI9_5_IRQHandler      0x08000e85   0x7a  Code  Gb  main.o [1]
HAL_Delay               0x080007f9   0x1e  Code  Wk  stm32f4xx_hal.o [1]
HAL_GPIO_WritePin       0x08001041   0x14  Code  Gb  stm32f4xx_hal_gpio.o [1]
HAL_GetTick             0x080007f3    0x6  Code  Wk  stm32f4xx_hal.o [1]
HAL_IncTick             0x080007e7    0xc  Code  Wk  stm32f4xx_hal.o [1]
HAL_Init                0x08000789   0x3a  Code  Gb  stm32f4xx_hal.o [1]
HAL_InitTick            0x080007c3   0x24  Code  Wk  stm32f4xx_hal.o [1]
HAL_MspInit             0x08000a57   0x5e  Code  Gb  stm32f4xx_hal_msp.o [1]
HAL_NVIC_SetPriority    0x080009dd   0x26  Code  Gb  stm32f4xx_hal_cortex.o [1]
HAL_NVIC_SetPriorityGrouping
                        0x080009d1    0xc  Code  Gb  stm32f4xx_hal_cortex.o [1]
HAL_RCC_ClockConfig     0x0800054b  0x16c  Code  Gb  stm32f4xx_hal_rcc.o [1]
HAL_RCC_GetHCLKFreq     0x08000745    0x6  Code  Gb  stm32f4xx_hal_rcc.o [1]
HAL_RCC_GetSysClockFreq
                        0x080006b7   0x8e  Code  Wk  stm32f4xx_hal_rcc.o [1]
HAL_RCC_OscConfig       0x08000189  0x3c2  Code  Wk  stm32f4xx_hal_rcc.o [1]
HAL_SYSTICK_CLKSourceConfig
                        0x08000a0f   0x20  Code  Gb  stm32f4xx_hal_cortex.o [1]
HAL_SYSTICK_Callback    0x08000a55    0x2  Code  Wk  stm32f4xx_hal_cortex.o [1]
HAL_SYSTICK_Config      0x08000a03    0xc  Code  Gb  stm32f4xx_hal_cortex.o [1]
HAL_SYSTICK_IRQHandler  0x08000a4d    0x8  Code  Gb  stm32f4xx_hal_cortex.o [1]
HardFault_Handler       0x08001193    0x2  Code  Gb  stm32f4xx_it.o [1]
MemManage_Handler       0x08001195    0x2  Code  Gb  stm32f4xx_it.o [1]
NMI_Handler             0x08001191    0x2  Code  Gb  stm32f4xx_it.o [1]
NVIC_EnableIRQ          0x08000ac5   0x16  Code  Lc  main.o [1]
NVIC_EncodePriority     0x08000b05   0x3e  Code  Lc  main.o [1]
NVIC_EncodePriority     0x08000963   0x3e  Code  Lc  stm32f4xx_hal_cortex.o [1]
NVIC_GetPriorityGrouping
                        0x08000ab9    0xc  Code  Lc  main.o [1]
NVIC_GetPriorityGrouping
                        0x08000933    0xa  Code  Lc  stm32f4xx_hal_cortex.o [1]
NVIC_SetPriority        0x08000adb   0x2a  Code  Lc  main.o [1]
NVIC_SetPriority        0x0800093d   0x26  Code  Lc  stm32f4xx_hal_cortex.o [1]
NVIC_SetPriorityGrouping
                        0x08000915   0x1e  Code  Lc  stm32f4xx_hal_cortex.o [1]
PendSV_Handler          0x0800119f    0x2  Code  Gb  stm32f4xx_it.o [1]
Region$$Table$$Base     0x0800117c          --   Gb  - Linker created -
Region$$Table$$Limit    0x08001190          --   Gb  - Linker created -
SVC_Handler             0x0800119b    0x2  Code  Gb  stm32f4xx_it.o [1]
SysTick_Config          0x080009a1   0x30  Code  Lc  stm32f4xx_hal_cortex.o [1]
SysTick_Handler         0x080011a1    0xc  Code  Gb  stm32f4xx_it.o [1]
SystemClock_Config      0x08000dd5   0xb0  Code  Gb  main.o [1]
SystemCoreClock         0x20000018    0x4  Data  Gb  system_stm32f4xx.o [1]
SystemInit              0x08001055   0x4c  Code  Gb  system_stm32f4xx.o [1]
UsageFault_Handler      0x08001199    0x2  Code  Gb  stm32f4xx_it.o [1]
_Error_Handler          0x08000f6d    0x2  Code  Gb  main.o [1]
__aeabi_ldiv0           0x08000ab5         Code  Gb  I64DivZer.o [5]
__aeabi_uldivmod        0x08000825         Code  Gb  I64DivMod.o [5]
__cmain                 0x080011ad         Code  Gb  cmain.o [5]
__exit                  0x080011dd   0x14  Code  Gb  exit.o [6]
__iar_copy_init3        0x08001105   0x2c  Code  Gb  copy_init3.o [5]
__iar_data_init3        0x08001131   0x28  Code  Gb  data_init.o [5]
__iar_init_vfp          0x08001159         Code  Gb  fpinit_M.o [4]
__iar_program_start     0x08001211         Code  Gb  cstartup_M.o [5]
__low_level_init        0x080011c7    0x4  Code  Gb  low_level_init.o [3]
__vector_table          0x08000000         Data  Gb  startup_stm32f407xx.o [1]
_call_main              0x080011b9         Code  Gb  cmain.o [5]
_exit                   0x080011d1         Code  Gb  cexit.o [5]
_main                   0x080011c3         Code  Gb  cmain.o [5]
clearPortF              0x08000b43   0x40  Code  Lc  main.o [1]
exit                    0x080011cb    0x4  Code  Gb  exit.o [3]
hal_gpio_clear_interrupt
                        0x0800101d   0x1c  Code  Gb  hal_gpio_driver.o [1]
hal_gpio_configure_pin_mode
                        0x08000f71   0x16  Code  Lc  hal_gpio_driver.o [1]
hal_gpio_configure_pin_otype
                        0x08000f87   0x10  Code  Lc  hal_gpio_driver.o [1]
hal_gpio_configure_pin_pupd
                        0x08000fad   0x16  Code  Lc  hal_gpio_driver.o [1]
hal_gpio_configure_pin_speed
                        0x08000f97   0x16  Code  Lc  hal_gpio_driver.o [1]
hal_gpio_init           0x08000fe5   0x38  Code  Gb  hal_gpio_driver.o [1]
hal_gpio_write_to_pin   0x08000fc3   0x22  Code  Gb  hal_gpio_driver.o [1]
keypad                  0x20000020    0x2  Data  Gb  main.o [1]
keypad_init             0x08000c7f   0xfe  Code  Gb  main.o [1]
keytable                0x20000000   0x18  Data  Gb  main.o [1]
led_init                0x08000d7d   0x30  Code  Gb  main.o [1]
led_turn_off            0x08000dc1   0x14  Code  Gb  main.o [1]
led_turn_on             0x08000dad   0x14  Code  Gb  main.o [1]
main                    0x08000b85   0xfa  Code  Gb  main.o [1]
uwTick                  0x2000001c    0x4  Data  Gb  stm32f4xx_hal.o [1]


[1] = C:\Users\gyalcin\Downloads\stm32F4\sw\CubeMXProject\test\EWARM\test\Obj
[2] = command line
[3] = dl7M_tlf.a
[4] = m7M_tls.a
[5] = rt7M_tl.a
[6] = shb_l.a

  4 842 bytes of readonly  code memory
    142 bytes of readonly  data memory
  1 058 bytes of readwrite data memory

Errors: none
Warnings: none
