###############################################################################
#
# IAR ELF Linker V7.40.1.8447/W32 for ARM                 10/Apr/2018  16:13:47
# Copyright 2007-2015 IAR Systems AB.
#
#    Output file  =  
#        C:\Users\gyalcin\Downloads\stm32F4\sw\CubeMXProject\test\EWARM\test\Exe\test.out
#    Map file     =  
#        C:\Users\gyalcin\Downloads\stm32F4\sw\CubeMXProject\test\EWARM\test/List\test.map
#    Command line =  
#        C:\Users\gyalcin\Downloads\stm32F4\sw\CubeMXProject\test\EWARM\test\Obj\main.o
#        C:\Users\gyalcin\Downloads\stm32F4\sw\CubeMXProject\test\EWARM\test\Obj\startup_stm32f407xx.o
#        C:\Users\gyalcin\Downloads\stm32F4\sw\CubeMXProject\test\EWARM\test\Obj\stm32f4xx_hal.o
#        C:\Users\gyalcin\Downloads\stm32F4\sw\CubeMXProject\test\EWARM\test\Obj\stm32f4xx_hal_cortex.o
#        C:\Users\gyalcin\Downloads\stm32F4\sw\CubeMXProject\test\EWARM\test\Obj\stm32f4xx_hal_dma.o
#        C:\Users\gyalcin\Downloads\stm32F4\sw\CubeMXProject\test\EWARM\test\Obj\stm32f4xx_hal_dma_ex.o
#        C:\Users\gyalcin\Downloads\stm32F4\sw\CubeMXProject\test\EWARM\test\Obj\stm32f4xx_hal_flash.o
#        C:\Users\gyalcin\Downloads\stm32F4\sw\CubeMXProject\test\EWARM\test\Obj\stm32f4xx_hal_flash_ex.o
#        C:\Users\gyalcin\Downloads\stm32F4\sw\CubeMXProject\test\EWARM\test\Obj\stm32f4xx_hal_flash_ramfunc.o
#        C:\Users\gyalcin\Downloads\stm32F4\sw\CubeMXProject\test\EWARM\test\Obj\stm32f4xx_hal_gpio.o
#        C:\Users\gyalcin\Downloads\stm32F4\sw\CubeMXProject\test\EWARM\test\Obj\stm32f4xx_hal_msp.o
#        C:\Users\gyalcin\Downloads\stm32F4\sw\CubeMXProject\test\EWARM\test\Obj\stm32f4xx_hal_pwr.o
#        C:\Users\gyalcin\Downloads\stm32F4\sw\CubeMXProject\test\EWARM\test\Obj\stm32f4xx_hal_pwr_ex.o
#        C:\Users\gyalcin\Downloads\stm32F4\sw\CubeMXProject\test\EWARM\test\Obj\stm32f4xx_hal_rcc.o
#        C:\Users\gyalcin\Downloads\stm32F4\sw\CubeMXProject\test\EWARM\test\Obj\stm32f4xx_hal_rcc_ex.o
#        C:\Users\gyalcin\Downloads\stm32F4\sw\CubeMXProject\test\EWARM\test\Obj\stm32f4xx_hal_tim.o
#        C:\Users\gyalcin\Downloads\stm32F4\sw\CubeMXProject\test\EWARM\test\Obj\stm32f4xx_hal_tim_ex.o
#        C:\Users\gyalcin\Downloads\stm32F4\sw\CubeMXProject\test\EWARM\test\Obj\stm32f4xx_it.o
#        C:\Users\gyalcin\Downloads\stm32F4\sw\CubeMXProject\test\EWARM\test\Obj\system_stm32f4xx.o
#        --redirect _Printf=_PrintfFull --redirect _Scanf=_ScanfFull -o
#        C:\Users\gyalcin\Downloads\stm32F4\sw\CubeMXProject\test\EWARM\test\Exe\test.out
#        --map
#        C:\Users\gyalcin\Downloads\stm32F4\sw\CubeMXProject\test\EWARM\test/List\test.map
#        --config
#        C:\Users\gyalcin\Downloads\stm32F4\sw\CubeMXProject\test\EWARM/stm32f407xx_flash.icf
#        --semihosting --entry __iar_program_start --vfe
#
###############################################################################

*******************************************************************************
*** RUNTIME MODEL ATTRIBUTES
***

CppFlavor       = *
__SystemLibrary = DLib


*******************************************************************************
*** PLACEMENT SUMMARY
***

"A1":  place at 0x08000000 { ro section .intvec };
"P1":  place in [from 0x08000000 to 0x080fffff] { ro };
"P2":  place in [from 0x20000000 to 0x2001ffff] { rw, block CSTACK, block HEAP };

  Section            Kind        Address   Size  Object
  -------            ----        -------   ----  ------
"A1":                                     0x188
  .intvec            ro code  0x08000000  0x188  startup_stm32f407xx.o [1]
                            - 0x08000188  0x188

"P1":                                     0xa10
  .text              ro code  0x08000188  0x410  stm32f4xx_hal_rcc.o [1]
  .text              ro code  0x08000598   0x70  stm32f4xx_hal.o [1]
  .text              ro code  0x08000608   0xee  I64DivMod.o [5]
  .text              ro code  0x080006f8   0xde  stm32f4xx_hal_cortex.o [1]
  .text              ro code  0x080007d6   0x60  stm32f4xx_hal_msp.o [1]
  .text              ro code  0x08000838    0x2  I64DivZer.o [5]
  .text              ro code  0x0800083c   0xa4  main.o [1]
  .text              ro code  0x080008e0   0x60  system_stm32f4xx.o [1]
  .text              ro code  0x08000940   0x2c  copy_init3.o [5]
  .text              ro code  0x0800096c   0x28  data_init.o [5]
  .text              ro code  0x08000994   0x22  fpinit_M.o [4]
  .iar.init_table    const    0x080009b8   0x14  - Linker created -
  .text              ro code  0x080009cc   0x1e  stm32f4xx_it.o [1]
  .text              ro code  0x080009ec   0x1a  cmain.o [5]
  .text              ro code  0x08000a06    0x4  low_level_init.o [3]
  .text              ro code  0x08000a0a    0x4  exit.o [3]
  .text              ro code  0x08000a10    0xa  cexit.o [5]
  .text              ro code  0x08000a1c   0x14  exit.o [6]
  .text              ro code  0x08000a30   0x10  startup_stm32f407xx.o [1]
  .text              ro code  0x08000a40    0xc  cstartup_M.o [5]
  .text              ro code  0x08000a4c    0x4  startup_stm32f407xx.o [1]
  .text              ro code  0x08000a50    0x4  startup_stm32f407xx.o [1]
  .text              ro code  0x08000a54    0x4  startup_stm32f407xx.o [1]
  .text              ro code  0x08000a58    0x4  startup_stm32f407xx.o [1]
  .text              ro code  0x08000a5c    0x4  startup_stm32f407xx.o [1]
  .text              ro code  0x08000a60    0x4  startup_stm32f407xx.o [1]
  .text              ro code  0x08000a64    0x4  startup_stm32f407xx.o [1]
  .text              ro code  0x08000a68    0x4  startup_stm32f407xx.o [1]
  .text              ro code  0x08000a6c    0x4  startup_stm32f407xx.o [1]
  .text              ro code  0x08000a70    0x4  startup_stm32f407xx.o [1]
  .text              ro code  0x08000a74    0x4  startup_stm32f407xx.o [1]
  .text              ro code  0x08000a78    0x4  startup_stm32f407xx.o [1]
  .text              ro code  0x08000a7c    0x4  startup_stm32f407xx.o [1]
  .text              ro code  0x08000a80    0x4  startup_stm32f407xx.o [1]
  .text              ro code  0x08000a84    0x4  startup_stm32f407xx.o [1]
  .text              ro code  0x08000a88    0x4  startup_stm32f407xx.o [1]
  .text              ro code  0x08000a8c    0x4  startup_stm32f407xx.o [1]
  .text              ro code  0x08000a90    0x4  startup_stm32f407xx.o [1]
  .text              ro code  0x08000a94    0x4  startup_stm32f407xx.o [1]
  .text              ro code  0x08000a98    0x4  startup_stm32f407xx.o [1]
  .text              ro code  0x08000a9c    0x4  startup_stm32f407xx.o [1]
  .text              ro code  0x08000aa0    0x4  startup_stm32f407xx.o [1]
  .text              ro code  0x08000aa4    0x4  startup_stm32f407xx.o [1]
  .text              ro code  0x08000aa8    0x4  startup_stm32f407xx.o [1]
  .text              ro code  0x08000aac    0x4  startup_stm32f407xx.o [1]
  .text              ro code  0x08000ab0    0x4  startup_stm32f407xx.o [1]
  .text              ro code  0x08000ab4    0x4  startup_stm32f407xx.o [1]
  .text              ro code  0x08000ab8    0x4  startup_stm32f407xx.o [1]
  .text              ro code  0x08000abc    0x4  startup_stm32f407xx.o [1]
  .text              ro code  0x08000ac0    0x4  startup_stm32f407xx.o [1]
  .text              ro code  0x08000ac4    0x4  startup_stm32f407xx.o [1]
  .text              ro code  0x08000ac8    0x4  startup_stm32f407xx.o [1]
  .text              ro code  0x08000acc    0x4  startup_stm32f407xx.o [1]
  .text              ro code  0x08000ad0    0x4  startup_stm32f407xx.o [1]
  .text              ro code  0x08000ad4    0x4  startup_stm32f407xx.o [1]
  .text              ro code  0x08000ad8    0x4  startup_stm32f407xx.o [1]
  .text              ro code  0x08000adc    0x4  startup_stm32f407xx.o [1]
  .text              ro code  0x08000ae0    0x4  startup_stm32f407xx.o [1]
  .text              ro code  0x08000ae4    0x4  startup_stm32f407xx.o [1]
  .text              ro code  0x08000ae8    0x4  startup_stm32f407xx.o [1]
  .text              ro code  0x08000aec    0x4  startup_stm32f407xx.o [1]
  .text              ro code  0x08000af0    0x4  startup_stm32f407xx.o [1]
  .text              ro code  0x08000af4    0x4  startup_stm32f407xx.o [1]
  .text              ro code  0x08000af8    0x4  startup_stm32f407xx.o [1]
  .text              ro code  0x08000afc    0x4  startup_stm32f407xx.o [1]
  .text              ro code  0x08000b00    0x4  startup_stm32f407xx.o [1]
  .text              ro code  0x08000b04    0x4  startup_stm32f407xx.o [1]
  .text              ro code  0x08000b08    0x4  startup_stm32f407xx.o [1]
  .text              ro code  0x08000b0c    0x4  startup_stm32f407xx.o [1]
  .text              ro code  0x08000b10    0x4  startup_stm32f407xx.o [1]
  .text              ro code  0x08000b14    0x4  startup_stm32f407xx.o [1]
  .text              ro code  0x08000b18    0x4  startup_stm32f407xx.o [1]
  .text              ro code  0x08000b1c    0x4  startup_stm32f407xx.o [1]
  .text              ro code  0x08000b20    0x4  startup_stm32f407xx.o [1]
  .text              ro code  0x08000b24    0x4  startup_stm32f407xx.o [1]
  .text              ro code  0x08000b28    0x4  startup_stm32f407xx.o [1]
  .text              ro code  0x08000b2c    0x4  startup_stm32f407xx.o [1]
  .text              ro code  0x08000b30    0x4  startup_stm32f407xx.o [1]
  .text              ro code  0x08000b34    0x4  startup_stm32f407xx.o [1]
  .text              ro code  0x08000b38    0x4  startup_stm32f407xx.o [1]
  .text              ro code  0x08000b3c    0x4  startup_stm32f407xx.o [1]
  .text              ro code  0x08000b40    0x4  startup_stm32f407xx.o [1]
  .text              ro code  0x08000b44    0x4  startup_stm32f407xx.o [1]
  .text              ro code  0x08000b48    0x4  startup_stm32f407xx.o [1]
  .text              ro code  0x08000b4c    0x4  startup_stm32f407xx.o [1]
  .text              ro code  0x08000b50    0x4  startup_stm32f407xx.o [1]
  .text              ro code  0x08000b54    0x4  startup_stm32f407xx.o [1]
  .text              ro code  0x08000b58    0x4  startup_stm32f407xx.o [1]
  .text              ro code  0x08000b5c    0x4  startup_stm32f407xx.o [1]
  .text              ro code  0x08000b60    0x4  startup_stm32f407xx.o [1]
  .text              ro code  0x08000b64    0x4  startup_stm32f407xx.o [1]
  .text              ro code  0x08000b68    0x4  startup_stm32f407xx.o [1]
  .text              ro code  0x08000b6c    0x4  startup_stm32f407xx.o [1]
  .text              ro code  0x08000b70    0x4  startup_stm32f407xx.o [1]
  .text              ro code  0x08000b74    0x4  startup_stm32f407xx.o [1]
  .text              ro code  0x08000b78    0x4  startup_stm32f407xx.o [1]
  .text              ro code  0x08000b7c    0x4  startup_stm32f407xx.o [1]
  .text              ro code  0x08000b80    0x4  startup_stm32f407xx.o [1]
  .text              ro code  0x08000b84    0x4  startup_stm32f407xx.o [1]
  .text              ro code  0x08000b88    0x4  startup_stm32f407xx.o [1]
  .text              ro code  0x08000b8c    0x4  startup_stm32f407xx.o [1]
  .rodata            const    0x08000b90    0x0  copy_init3.o [5]
  Initializer bytes  const    0x08000b90    0x8  <for P2 s0>
                            - 0x08000b98  0xa10

"P2":                                     0x408
  P2 s0                       0x20000000    0x8  <Init block>
    .data            inited   0x20000000    0x4  system_stm32f4xx.o [1]
    .bss             inited   0x20000004    0x4  stm32f4xx_hal.o [1]
  CSTACK                      0x20000008  0x400  <Block>
    CSTACK           uninit   0x20000008  0x400  <Block tail>
                            - 0x20000408  0x408


*******************************************************************************
*** INIT TABLE
***

          Address     Size
          -------     ----
Copy (__iar_copy_init3)
    1 source range, total size 0x8:
          0x08000b90   0x8
    1 destination range, total size 0x8:
          0x20000000   0x8



*******************************************************************************
*** MODULE SUMMARY
***

    Module                  ro code  ro data  rw data
    ------                  -------  -------  -------
C:\Users\gyalcin\Downloads\stm32F4\sw\CubeMXProject\test\EWARM\test\Obj: [1]
    main.o                      164
    startup_stm32f407xx.o       732
    stm32f4xx_hal.o             112        4        4
    stm32f4xx_hal_cortex.o      222
    stm32f4xx_hal_msp.o          96
    stm32f4xx_hal_rcc.o       1 040
    stm32f4xx_it.o               30
    system_stm32f4xx.o           96        4        4
    -------------------------------------------------
    Total:                    2 492        8        8

command line: [2]
    -------------------------------------------------
    Total:

dl7M_tlf.a: [3]
    exit.o                        4
    low_level_init.o              4
    -------------------------------------------------
    Total:                        8

m7M_tls.a: [4]
    fpinit_M.o                   34
    -------------------------------------------------
    Total:                       34

rt7M_tl.a: [5]
    I64DivMod.o                 238
    I64DivZer.o                   2
    cexit.o                      10
    cmain.o                      26
    copy_init3.o                 44
    cstartup_M.o                 12
    data_init.o                  40
    -------------------------------------------------
    Total:                      372

shb_l.a: [6]
    exit.o                       20
    -------------------------------------------------
    Total:                       20

    Gaps                         12        2
    Linker created                        20    1 024
-----------------------------------------------------
    Grand Total:              2 938       30    1 032


*******************************************************************************
*** ENTRY LIST
***

Entry                      Address   Size  Type      Object
-----                      -------   ----  ----      ------
.iar.init_table$$Base   0x080009b8          --   Gb  - Linker created -
.iar.init_table$$Limit  0x080009cc          --   Gb  - Linker created -
?main                   0x080009ed         Code  Gb  cmain.o [5]
AHBPrescTable           0x08000930   0x10  Data  Gb  system_stm32f4xx.o [1]
BusFault_Handler        0x080009d3    0x2  Code  Gb  stm32f4xx_it.o [1]
CSTACK$$Base            0x20000008          --   Gb  - Linker created -
CSTACK$$Limit           0x20000408          --   Gb  - Linker created -
DebugMon_Handler        0x080009d9    0x2  Code  Gb  stm32f4xx_it.o [1]
HAL_GetTick             0x080005f7    0x6  Code  Wk  stm32f4xx_hal.o [1]
HAL_IncTick             0x080005ed    0xa  Code  Wk  stm32f4xx_hal.o [1]
HAL_Init                0x08000599   0x30  Code  Gb  stm32f4xx_hal.o [1]
HAL_InitTick            0x080005c9   0x24  Code  Wk  stm32f4xx_hal.o [1]
HAL_MspInit             0x080007d7   0x60  Code  Gb  stm32f4xx_hal_msp.o [1]
HAL_NVIC_SetPriority    0x08000737   0x44  Code  Gb  stm32f4xx_hal_cortex.o [1]
HAL_NVIC_SetPriorityGrouping
                        0x0800071d   0x1a  Code  Gb  stm32f4xx_hal_cortex.o [1]
HAL_RCC_ClockConfig     0x08000415   0xfc  Code  Gb  stm32f4xx_hal_rcc.o [1]
HAL_RCC_GetHCLKFreq     0x08000569    0x6  Code  Gb  stm32f4xx_hal_rcc.o [1]
HAL_RCC_GetSysClockFreq
                        0x0800051d   0x4c  Code  Wk  stm32f4xx_hal_rcc.o [1]
HAL_RCC_OscConfig       0x08000189  0x284  Code  Wk  stm32f4xx_hal_rcc.o [1]
HAL_SYSTICK_CLKSourceConfig
                        0x080007a3   0x14  Code  Gb  stm32f4xx_hal_cortex.o [1]
HAL_SYSTICK_Callback    0x080007d5    0x2  Code  Wk  stm32f4xx_hal_cortex.o [1]
HAL_SYSTICK_Config      0x0800077b   0x28  Code  Gb  stm32f4xx_hal_cortex.o [1]
HAL_SYSTICK_IRQHandler  0x080007cd    0x8  Code  Gb  stm32f4xx_hal_cortex.o [1]
HardFault_Handler       0x080009cf    0x2  Code  Gb  stm32f4xx_it.o [1]
MemManage_Handler       0x080009d1    0x2  Code  Gb  stm32f4xx_it.o [1]
NMI_Handler             0x080009cd    0x2  Code  Gb  stm32f4xx_it.o [1]
NVIC_GetPriorityGrouping
                        0x080006f9    0xa  Code  Lc  stm32f4xx_hal_cortex.o [1]
NVIC_SetPriority        0x08000703   0x1a  Code  Lc  stm32f4xx_hal_cortex.o [1]
PendSV_Handler          0x080009db    0x2  Code  Gb  stm32f4xx_it.o [1]
Region$$Table$$Base     0x080009b8          --   Gb  - Linker created -
Region$$Table$$Limit    0x080009cc          --   Gb  - Linker created -
SVC_Handler             0x080009d7    0x2  Code  Gb  stm32f4xx_it.o [1]
SysTick_Handler         0x080009dd    0xe  Code  Gb  stm32f4xx_it.o [1]
SystemClock_Config      0x08000849   0x8e  Code  Gb  main.o [1]
SystemCoreClock         0x20000000    0x4  Data  Gb  system_stm32f4xx.o [1]
SystemInit              0x080008e1   0x3a  Code  Gb  system_stm32f4xx.o [1]
UsageFault_Handler      0x080009d5    0x2  Code  Gb  stm32f4xx_it.o [1]
__aeabi_ldiv0           0x08000839         Code  Gb  I64DivZer.o [5]
__aeabi_uldivmod        0x08000609         Code  Gb  I64DivMod.o [5]
__cmain                 0x080009ed         Code  Gb  cmain.o [5]
__exit                  0x08000a1d   0x14  Code  Gb  exit.o [6]
__iar_copy_init3        0x08000941   0x2c  Code  Gb  copy_init3.o [5]
__iar_data_init3        0x0800096d   0x28  Code  Gb  data_init.o [5]
__iar_init_vfp          0x08000995         Code  Gb  fpinit_M.o [4]
__iar_program_start     0x08000a41         Code  Gb  cstartup_M.o [5]
__low_level_init        0x08000a07    0x4  Code  Gb  low_level_init.o [3]
__vector_table          0x08000000         Data  Gb  startup_stm32f407xx.o [1]
_call_main              0x080009f9         Code  Gb  cmain.o [5]
_exit                   0x08000a11         Code  Gb  cexit.o [5]
_main                   0x08000a03         Code  Gb  cmain.o [5]
exit                    0x08000a0b    0x4  Code  Gb  exit.o [3]
main                    0x0800083d    0xc  Code  Gb  main.o [1]
uwTick                  0x20000004    0x4  Data  Gb  stm32f4xx_hal.o [1]


[1] = C:\Users\gyalcin\Downloads\stm32F4\sw\CubeMXProject\test\EWARM\test\Obj
[2] = command line
[3] = dl7M_tlf.a
[4] = m7M_tls.a
[5] = rt7M_tl.a
[6] = shb_l.a

  2 938 bytes of readonly  code memory
     30 bytes of readonly  data memory
  1 032 bytes of readwrite data memory

Errors: none
Warnings: none
